dropping old tables...
NOTICE:  table "pgbench_accounts" does not exist, skipping
NOTICE:  table "pgbench_branches" does not exist, skipping
NOTICE:  table "pgbench_history" does not exist, skipping
NOTICE:  table "pgbench_tellers" does not exist, skipping
creating tables...
generating data (client-side)...
100000 of 1000000 tuples (10%) of pgbench_accounts done (elapsed 0.24 s, remaining 2.17 s)
200000 of 1000000 tuples (20%) of pgbench_accounts done (elapsed 0.69 s, remaining 2.78 s)
300000 of 1000000 tuples (30%) of pgbench_accounts done (elapsed 1.17 s, remaining 2.72 s)
400000 of 1000000 tuples (40%) of pgbench_accounts done (elapsed 1.46 s, remaining 2.20 s)
500000 of 1000000 tuples (50%) of pgbench_accounts done (elapsed 1.93 s, remaining 1.93 s)
600000 of 1000000 tuples (60%) of pgbench_accounts done (elapsed 2.24 s, remaining 1.50 s)
700000 of 1000000 tuples (70%) of pgbench_accounts done (elapsed 2.73 s, remaining 1.17 s)
800000 of 1000000 tuples (80%) of pgbench_accounts done (elapsed 3.19 s, remaining 0.80 s)
900000 of 1000000 tuples (90%) of pgbench_accounts done (elapsed 3.48 s, remaining 0.39 s)
1000000 of 1000000 tuples (100%) of pgbench_accounts done (elapsed 3.95 s, remaining 0.00 s)
vacuuming...
creating primary keys...
done in 5.86 s (drop tables 0.00 s, create tables 0.02 s, client-side generate 4.00 s, vacuum 0.33 s, primary keys 1.51 s).
