1783207151 launcher_VmRSS_kB=9592
1783207161 launcher_VmRSS_kB=9604
1783207171 launcher_VmRSS_kB=9608
1783207181 launcher_VmRSS_kB=9612
1783207191 launcher_VmRSS_kB=9616
1783207201 launcher_VmRSS_kB=9620
1783207211 launcher_VmRSS_kB=9624
1783207221 launcher_VmRSS_kB=9628
1783207231 launcher_VmRSS_kB=9628
1783207241 launcher_VmRSS_kB=9632
1783207251 launcher_VmRSS_kB=9636
1783207261 launcher_VmRSS_kB=9640
1783207271 launcher_VmRSS_kB=9644
1783207281 launcher_VmRSS_kB=9648
1783207291 launcher_VmRSS_kB=9652
1783207301 launcher_VmRSS_kB=9652
1783207311 launcher_VmRSS_kB=9652
1783207321 launcher_VmRSS_kB=9652
1783207331 launcher_VmRSS_kB=9652
1783207341 launcher_VmRSS_kB=9652
1783207351 launcher_VmRSS_kB=9652
1783207361 launcher_VmRSS_kB=9652
1783207371 launcher_VmRSS_kB=9652
1783207381 launcher_VmRSS_kB=9652
1783207391 launcher_VmRSS_kB=9652
1783207401 launcher_VmRSS_kB=9652
1783207411 launcher_VmRSS_kB=9652
1783207421 launcher_VmRSS_kB=9652
1783207431 launcher_VmRSS_kB=9652
1783207441 launcher_VmRSS_kB=9652
1783207452 launcher_VmRSS_kB=9652
1783207462 launcher_VmRSS_kB=9652
1783207472 launcher_VmRSS_kB=9652
1783207482 launcher_VmRSS_kB=9652
1783207492 launcher_VmRSS_kB=9660
1783207502 launcher_VmRSS_kB=9660
1783207512 launcher_VmRSS_kB=9660
1783207522 launcher_VmRSS_kB=9660
1783207532 launcher_VmRSS_kB=9660
1783207542 launcher_VmRSS_kB=9660
1783207552 launcher_VmRSS_kB=9660
1783207562 launcher_VmRSS_kB=9660
1783207572 launcher_VmRSS_kB=9660
1783207582 launcher_VmRSS_kB=9660
1783207592 launcher_VmRSS_kB=9660
1783207602 launcher_VmRSS_kB=9660
1783207612 launcher_VmRSS_kB=9660
1783207622 launcher_VmRSS_kB=9660
1783207632 launcher_VmRSS_kB=9660
1783207642 launcher_VmRSS_kB=9660
1783207652 launcher_VmRSS_kB=9660
1783207662 launcher_VmRSS_kB=9660
1783207672 launcher_VmRSS_kB=9660
1783207682 launcher_VmRSS_kB=9660
1783207692 launcher_VmRSS_kB=9660
1783207702 launcher_VmRSS_kB=9660
1783207712 launcher_VmRSS_kB=9660
1783207722 launcher_VmRSS_kB=9660
1783207732 launcher_VmRSS_kB=9660
1783207742 launcher_VmRSS_kB=9660
1783207752 launcher_VmRSS_kB=9660
1783207762 launcher_VmRSS_kB=9660
1783207772 launcher_VmRSS_kB=9660
1783207782 launcher_VmRSS_kB=9660
1783207792 launcher_VmRSS_kB=9660
1783207802 launcher_VmRSS_kB=9660
1783207812 launcher_VmRSS_kB=9660
1783207822 launcher_VmRSS_kB=9660
1783207832 launcher_VmRSS_kB=9660
1783207842 launcher_VmRSS_kB=9660
1783207852 launcher_VmRSS_kB=9660
1783207862 launcher_VmRSS_kB=9660
1783207872 launcher_VmRSS_kB=9660
1783207882 launcher_VmRSS_kB=9660
1783207892 launcher_VmRSS_kB=9660
1783207902 launcher_VmRSS_kB=9660
1783207912 launcher_VmRSS_kB=9660
1783207922 launcher_VmRSS_kB=9660
1783207932 launcher_VmRSS_kB=9664
1783207942 launcher_VmRSS_kB=9664
1783207952 launcher_VmRSS_kB=9664
1783207962 launcher_VmRSS_kB=9664
1783207972 launcher_VmRSS_kB=9664
1783207982 launcher_VmRSS_kB=9664
1783207992 launcher_VmRSS_kB=9664
1783208002 launcher_VmRSS_kB=9664
1783208012 launcher_VmRSS_kB=9664
1783208022 launcher_VmRSS_kB=9664
1783208032 launcher_VmRSS_kB=9664
1783208042 launcher_VmRSS_kB=9664
