-- contrib/pageinspect/sql/spgist.sql
-- Test SP-GiST inspection functions
CREATE EXTENSION IF NOT EXISTS pageinspect;
NOTICE:  extension "pageinspect" already exists, skipping
CREATE TABLE test_spgist (p point);
-- Use an unlogged table so that the contents are not WAL-logged, which makes
-- the output more stable.
CREATE UNLOGGED TABLE test_spgist_unlogged (p point);
INSERT INTO test_spgist_unlogged SELECT point(i,i) FROM generate_series(1,100) i;
CREATE INDEX test_spgist_idx ON test_spgist_unlogged USING spgist (p);
-- Test spgist_page_type
-- Page 0 is the metapage
SELECT spgist_page_type(get_raw_page('test_spgist_idx', 0));
 spgist_page_type 
------------------
 meta
(1 row)

-- Page 1 is the root inner page
SELECT spgist_page_type(get_raw_page('test_spgist_idx', 1));
 spgist_page_type 
------------------
 leaf
(1 row)

-- Page 2 should be a leaf page
SELECT spgist_page_type(get_raw_page('test_spgist_idx', 2));
 spgist_page_type 
------------------
 leaf
(1 row)

-- Test spgist_metapage_info
SELECT * FROM spgist_metapage_info(get_raw_page('test_spgist_idx', 0));
 magic_number | version 
--------------+---------
   3121327086 |       1
(1 row)

-- Test on a non-metapage, should fail
SELECT * FROM spgist_metapage_info(get_raw_page('test_spgist_idx', 1));
ERROR:  page is not a SP-GiST meta page
-- Failure cases
\set VERBOSITY terse
-- Non-SP-GiST index
CREATE INDEX test_spgist_gist_idx ON test_spgist_unlogged USING gist (p);
SELECT spgist_page_type(get_raw_page('test_spgist_gist_idx', 0));
ERROR:  input page is not a valid SP-GiST page
-- Non-page data
SELECT spgist_page_type('aaa'::bytea);
ERROR:  invalid page size
SELECT spgist_metapage_info('aaa'::bytea);
ERROR:  invalid page size
-- all-zero pages
SHOW block_size \gset
SELECT spgist_page_type(decode(repeat('00', :block_size), 'hex'));
 spgist_page_type 
------------------
 
(1 row)

SELECT spgist_metapage_info(decode(repeat('00', :block_size), 'hex'));
 spgist_metapage_info 
----------------------
 
(1 row)

\set VERBOSITY default
DROP TABLE test_spgist;
DROP TABLE test_spgist_unlogged;
